FFF.                                                                     [100%]
=================================== FAILURES ===================================
_____________________________ test_reverse_string ______________________________

    def test_reverse_string():
>       assert reverse_string("abc") == "cba"
E       AssertionError: assert 'abc' == 'cba'
E         
E         - cba
E         + abc

tests/test_string_utils.py:5: AssertionError
______________________________ test_count_vowels _______________________________

    def test_count_vowels():
>       assert count_vowels("hello") == 2
E       AssertionError: assert 3 == 2
E        +  where 3 = count_vowels('hello')

tests/test_string_utils.py:9: AssertionError
_____________________________ test_palindrome_true _____________________________

    def test_palindrome_true():
>       assert is_palindrome("level") is True
E       AssertionError: assert False is True
E        +  where False = is_palindrome('level')

tests/test_string_utils.py:13: AssertionError
=========================== short test summary info ============================
FAILED tests/test_string_utils.py::test_reverse_string - AssertionError: assert 'abc' == 'cba'
  
  - cba
  + abc
FAILED tests/test_string_utils.py::test_count_vowels - AssertionError: assert 3 == 2
 +  where 3 = count_vowels('hello')
FAILED tests/test_string_utils.py::test_palindrome_true - AssertionError: assert False is True
 +  where False = is_palindrome('level')
3 failed, 1 passed in 0.03s
